馃幐 鍚変粬璋辫В鏋愬櫒娴嬭瘯


== J-Total ==
URL: https://music.j-total.net/data/038yo/019_yonezu_kenshi/005.html
HTML 闀垮害: 47518
瑙ｆ瀽缁撴灉: 鉁?鎴愬姛
鍐呭闀垮害: 1800 瀛楃
鏈夋晥琛屾暟: 135
鍜屽鸡姣斾緥: 0.0%
鉂?鍜屽鸡姣斾緥涓嶈冻 5%

--- 鍐呭棰勮 ---
銆屽嫊鐢籹ync
  Ver.銆嶃伅銇撱仭銈?  銆屽垵蹇冭€呭悜銇戠啊鍗榁er.銆嶃伅銇撱仭銈?  銆€Em銆€銆€銆€D銆€銆€銆€
  C銆€銆€銆€銆€銆€ G
...

== U-Fret ==
URL: https://www.ufret.jp/song.php?data=41824
HTML 闀垮害: 235083
瑙ｆ瀽缁撴灉: 鉁?鎴愬姛
鍐呭闀垮害: 3535 瀛楃
鏈夋晥琛屾暟: 38
鍜屽鸡姣斾緥: 100.0%
鉁?閫氳繃楠岃瘉

--- 鍐呭棰勮 ---
[G#m]\u3000[F#]\u3000[E]\u3000[B]
[E]\u3000[B]\u3000[Ddim]\u3000[D#]
[C#]\u606f[G#]\u304c\u3067[D#]\u304d\u306a[G#]\u3044
[C#]\u307e\u308b[G#]\u3067[D#]\u5618\u307f\u305f[G#]\u3044
[Fm]\u81ea[C#]\u5206\u304c[D#]\u601d\u3046\u3088[G#]\u308a
...

========================================
鉂?SOME TESTS FAILED
